exports[`test renders correctly 1`] = `
<View>
  <View
    style={
      Object {
        "backgroundColor": "#164762",
        "height": 70,
      }
    }>
    <Image
      source={1} />
  </View>
</View>
`;
